Analysis & Synthesis report for uart_syn
Sat Jun 26 22:34:44 2021
Quartus II 64-Bit Version 13.1.0 Build 162 10/23/2013 SJ Full Version


---------------------
; Table of Contents ;
---------------------
  1. Legal Notice
  2. Analysis & Synthesis Summary
  3. Analysis & Synthesis Settings
  4. Parallel Compilation
  5. Analysis & Synthesis Source Files Read
  6. Analysis & Synthesis Resource Usage Summary
  7. Analysis & Synthesis Resource Utilization by Entity
  8. State Machine - |uart_syn|uart_scan_seg:u_uart_scan_seg|word_sel
  9. Registers Removed During Synthesis
 10. General Register Statistics
 11. Inverted Register Statistics
 12. Multiplexer Restructuring Statistics (Restructuring Performed)
 13. Parameter Settings for User Entity Instance: uart_receive:u_uart_receive
 14. Parameter Settings for User Entity Instance: uart_sender:u_uart_sender
 15. Parameter Settings for User Entity Instance: uart_beep:u_uart_beep
 16. Parameter Settings for User Entity Instance: uart_scan_seg:u_uart_scan_seg
 17. Elapsed Time Per Partition
 18. Analysis & Synthesis Messages



----------------
; Legal Notice ;
----------------
Copyright (C) 1991-2013 Altera Corporation
Your use of Altera Corporation's design tools, logic functions 
and other software and tools, and its AMPP partner logic 
functions, and any output files from any of the foregoing 
(including device programming or simulation files), and any 
associated documentation or information are expressly subject 
to the terms and conditions of the Altera Program License 
Subscription Agreement, Altera MegaCore Function License 
Agreement, or other applicable license agreement, including, 
without limitation, that your use is for the sole purpose of 
programming logic devices manufactured by Altera and sold by 
Altera or its authorized distributors.  Please refer to the 
applicable agreement for further details.



+----------------------------------------------------------------------------------+
; Analysis & Synthesis Summary                                                     ;
+------------------------------------+---------------------------------------------+
; Analysis & Synthesis Status        ; Successful - Sat Jun 26 22:34:44 2021       ;
; Quartus II 64-Bit Version          ; 13.1.0 Build 162 10/23/2013 SJ Full Version ;
; Revision Name                      ; uart_syn                                    ;
; Top-level Entity Name              ; uart_syn                                    ;
; Family                             ; Cyclone IV E                                ;
; Total logic elements               ; 361                                         ;
;     Total combinational functions  ; 357                                         ;
;     Dedicated logic registers      ; 198                                         ;
; Total registers                    ; 198                                         ;
; Total pins                         ; 19                                          ;
; Total virtual pins                 ; 0                                           ;
; Total memory bits                  ; 0                                           ;
; Embedded Multiplier 9-bit elements ; 0                                           ;
; Total PLLs                         ; 0                                           ;
+------------------------------------+---------------------------------------------+


+----------------------------------------------------------------------------------------------------------------------+
; Analysis & Synthesis Settings                                                                                        ;
+----------------------------------------------------------------------------+--------------------+--------------------+
; Option                                                                     ; Setting            ; Default Value      ;
+----------------------------------------------------------------------------+--------------------+--------------------+
; Device                                                                     ; EP4CE10F17C8       ;                    ;
; Top-level entity name                                                      ; uart_syn           ; uart_syn           ;
; Family name                                                                ; Cyclone IV E       ; Cyclone IV GX      ;
; Use smart compilation                                                      ; Off                ; Off                ;
; Enable parallel Assembler and TimeQuest Timing Analyzer during compilation ; On                 ; On                 ;
; Enable compact report table                                                ; Off                ; Off                ;
; Restructure Multiplexers                                                   ; Auto               ; Auto               ;
; Create Debugging Nodes for IP Cores                                        ; Off                ; Off                ;
; Preserve fewer node names                                                  ; On                 ; On                 ;
; Disable OpenCore Plus hardware evaluation                                  ; Off                ; Off                ;
; Verilog Version                                                            ; Verilog_2001       ; Verilog_2001       ;
; VHDL Version                                                               ; VHDL_1993          ; VHDL_1993          ;
; State Machine Processing                                                   ; Auto               ; Auto               ;
; Safe State Machine                                                         ; Off                ; Off                ;
; Extract Verilog State Machines                                             ; On                 ; On                 ;
; Extract VHDL State Machines                                                ; On                 ; On                 ;
; Ignore Verilog initial constructs                                          ; Off                ; Off                ;
; Iteration limit for constant Verilog loops                                 ; 5000               ; 5000               ;
; Iteration limit for non-constant Verilog loops                             ; 250                ; 250                ;
; Add Pass-Through Logic to Inferred RAMs                                    ; On                 ; On                 ;
; Infer RAMs from Raw Logic                                                  ; On                 ; On                 ;
; Parallel Synthesis                                                         ; On                 ; On                 ;
; DSP Block Balancing                                                        ; Auto               ; Auto               ;
; NOT Gate Push-Back                                                         ; On                 ; On                 ;
; Power-Up Don't Care                                                        ; On                 ; On                 ;
; Remove Redundant Logic Cells                                               ; Off                ; Off                ;
; Remove Duplicate Registers                                                 ; On                 ; On                 ;
; Ignore CARRY Buffers                                                       ; Off                ; Off                ;
; Ignore CASCADE Buffers                                                     ; Off                ; Off                ;
; Ignore GLOBAL Buffers                                                      ; Off                ; Off                ;
; Ignore ROW GLOBAL Buffers                                                  ; Off                ; Off                ;
; Ignore LCELL Buffers                                                       ; Off                ; Off                ;
; Ignore SOFT Buffers                                                        ; On                 ; On                 ;
; Limit AHDL Integers to 32 Bits                                             ; Off                ; Off                ;
; Optimization Technique                                                     ; Balanced           ; Balanced           ;
; Carry Chain Length                                                         ; 70                 ; 70                 ;
; Auto Carry Chains                                                          ; On                 ; On                 ;
; Auto Open-Drain Pins                                                       ; On                 ; On                 ;
; Perform WYSIWYG Primitive Resynthesis                                      ; Off                ; Off                ;
; Auto ROM Replacement                                                       ; On                 ; On                 ;
; Auto RAM Replacement                                                       ; On                 ; On                 ;
; Auto DSP Block Replacement                                                 ; On                 ; On                 ;
; Auto Shift Register Replacement                                            ; Auto               ; Auto               ;
; Allow Shift Register Merging across Hierarchies                            ; Auto               ; Auto               ;
; Auto Clock Enable Replacement                                              ; On                 ; On                 ;
; Strict RAM Replacement                                                     ; Off                ; Off                ;
; Allow Synchronous Control Signals                                          ; On                 ; On                 ;
; Force Use of Synchronous Clear Signals                                     ; Off                ; Off                ;
; Auto RAM Block Balancing                                                   ; On                 ; On                 ;
; Auto RAM to Logic Cell Conversion                                          ; Off                ; Off                ;
; Auto Resource Sharing                                                      ; Off                ; Off                ;
; Allow Any RAM Size For Recognition                                         ; Off                ; Off                ;
; Allow Any ROM Size For Recognition                                         ; Off                ; Off                ;
; Allow Any Shift Register Size For Recognition                              ; Off                ; Off                ;
; Use LogicLock Constraints during Resource Balancing                        ; On                 ; On                 ;
; Ignore translate_off and synthesis_off directives                          ; Off                ; Off                ;
; Timing-Driven Synthesis                                                    ; On                 ; On                 ;
; Report Parameter Settings                                                  ; On                 ; On                 ;
; Report Source Assignments                                                  ; On                 ; On                 ;
; Report Connectivity Checks                                                 ; On                 ; On                 ;
; Ignore Maximum Fan-Out Assignments                                         ; Off                ; Off                ;
; Synchronization Register Chain Length                                      ; 2                  ; 2                  ;
; PowerPlay Power Optimization                                               ; Normal compilation ; Normal compilation ;
; HDL message level                                                          ; Level2             ; Level2             ;
; Suppress Register Optimization Related Messages                            ; Off                ; Off                ;
; Number of Removed Registers Reported in Synthesis Report                   ; 5000               ; 5000               ;
; Number of Swept Nodes Reported in Synthesis Report                         ; 5000               ; 5000               ;
; Number of Inverted Registers Reported in Synthesis Report                  ; 100                ; 100                ;
; Clock MUX Protection                                                       ; On                 ; On                 ;
; Auto Gated Clock Conversion                                                ; Off                ; Off                ;
; Block Design Naming                                                        ; Auto               ; Auto               ;
; SDC constraint protection                                                  ; Off                ; Off                ;
; Synthesis Effort                                                           ; Auto               ; Auto               ;
; Shift Register Replacement - Allow Asynchronous Clear Signal               ; On                 ; On                 ;
; Pre-Mapping Resynthesis Optimization                                       ; Off                ; Off                ;
; Analysis & Synthesis Message Level                                         ; Medium             ; Medium             ;
; Disable Register Merging Across Hierarchies                                ; Auto               ; Auto               ;
; Resource Aware Inference For Block RAM                                     ; On                 ; On                 ;
; Synthesis Seed                                                             ; 1                  ; 1                  ;
+----------------------------------------------------------------------------+--------------------+--------------------+


+------------------------------------------+
; Parallel Compilation                     ;
+----------------------------+-------------+
; Processors                 ; Number      ;
+----------------------------+-------------+
; Number detected on machine ; 4           ;
; Maximum allowed            ; 4           ;
;                            ;             ;
; Average used               ; 1.00        ;
; Maximum used               ; 1           ;
;                            ;             ;
; Usage by Processor         ; % Time Used ;
;     Processor 1            ; 100.0%      ;
;     Processors 2-4         ;   0.0%      ;
+----------------------------+-------------+


+----------------------------------------------------------------------------------------------------------------------------------------------------+
; Analysis & Synthesis Source Files Read                                                                                                             ;
+----------------------------------+-----------------+------------------------+------------------------------------------------------------+---------+
; File Name with User-Entered Path ; Used in Netlist ; File Type              ; File Name with Absolute Path                               ; Library ;
+----------------------------------+-----------------+------------------------+------------------------------------------------------------+---------+
; ../rtl/uart_scan_seg.v           ; yes             ; User Verilog HDL File  ; C:/Users/Zyyfo/Desktop/fpga_prac/prac4/rtl/uart_scan_seg.v ;         ;
; ../rtl/uart_syn.v                ; yes             ; User Verilog HDL File  ; C:/Users/Zyyfo/Desktop/fpga_prac/prac4/rtl/uart_syn.v      ;         ;
; ../rtl/uart_sender.v             ; yes             ; User Verilog HDL File  ; C:/Users/Zyyfo/Desktop/fpga_prac/prac4/rtl/uart_sender.v   ;         ;
; ../rtl/uart_receive.v            ; yes             ; User Verilog HDL File  ; C:/Users/Zyyfo/Desktop/fpga_prac/prac4/rtl/uart_receive.v  ;         ;
; ../rtl/uart_beep.v               ; yes             ; User Verilog HDL File  ; C:/Users/Zyyfo/Desktop/fpga_prac/prac4/rtl/uart_beep.v     ;         ;
+----------------------------------+-----------------+------------------------+------------------------------------------------------------+---------+


+-------------------------------------------------------------+
; Analysis & Synthesis Resource Usage Summary                 ;
+---------------------------------------------+---------------+
; Resource                                    ; Usage         ;
+---------------------------------------------+---------------+
; Estimated Total logic elements              ; 361           ;
;                                             ;               ;
; Total combinational functions               ; 357           ;
; Logic element usage by number of LUT inputs ;               ;
;     -- 4 input functions                    ; 150           ;
;     -- 3 input functions                    ; 36            ;
;     -- <=2 input functions                  ; 171           ;
;                                             ;               ;
; Logic elements by mode                      ;               ;
;     -- normal mode                          ; 226           ;
;     -- arithmetic mode                      ; 131           ;
;                                             ;               ;
; Total registers                             ; 198           ;
;     -- Dedicated logic registers            ; 198           ;
;     -- I/O registers                        ; 0             ;
;                                             ;               ;
; I/O pins                                    ; 19            ;
; Embedded Multiplier 9-bit elements          ; 0             ;
; Maximum fan-out node                        ; sys_clk~input ;
; Maximum fan-out                             ; 198           ;
; Total fan-out                               ; 1823          ;
; Average fan-out                             ; 3.07          ;
+---------------------------------------------+---------------+


+---------------------------------------------------------------------------------------------------------------------------------------------------------------------------------------------------------+
; Analysis & Synthesis Resource Utilization by Entity                                                                                                                                                     ;
+------------------------------------+-------------------+--------------+-------------+--------------+---------+-----------+------+--------------+-----------------------------------------+--------------+
; Compilation Hierarchy Node         ; LC Combinationals ; LC Registers ; Memory Bits ; DSP Elements ; DSP 9x9 ; DSP 18x18 ; Pins ; Virtual Pins ; Full Hierarchy Name                     ; Library Name ;
+------------------------------------+-------------------+--------------+-------------+--------------+---------+-----------+------+--------------+-----------------------------------------+--------------+
; |uart_syn                          ; 357 (0)           ; 198 (0)      ; 0           ; 0            ; 0       ; 0         ; 19   ; 0            ; |uart_syn                               ; work         ;
;    |uart_beep:u_uart_beep|         ; 47 (47)           ; 30 (30)      ; 0           ; 0            ; 0       ; 0         ; 0    ; 0            ; |uart_syn|uart_beep:u_uart_beep         ; work         ;
;    |uart_receive:u_uart_receive|   ; 63 (63)           ; 40 (40)      ; 0           ; 0            ; 0       ; 0         ; 0    ; 0            ; |uart_syn|uart_receive:u_uart_receive   ; work         ;
;    |uart_scan_seg:u_uart_scan_seg| ; 195 (195)         ; 98 (98)      ; 0           ; 0            ; 0       ; 0         ; 0    ; 0            ; |uart_syn|uart_scan_seg:u_uart_scan_seg ; work         ;
;    |uart_sender:u_uart_sender|     ; 52 (52)           ; 30 (30)      ; 0           ; 0            ; 0       ; 0         ; 0    ; 0            ; |uart_syn|uart_sender:u_uart_sender     ; work         ;
+------------------------------------+-------------------+--------------+-------------+--------------+---------+-----------+------+--------------+-----------------------------------------+--------------+
Note: For table entries with two numbers listed, the numbers in parentheses indicate the number of resources of the given type used by the specific entity alone. The numbers listed outside of parentheses indicate the total resources of the given type used by the specific entity and all of its sub-entities in the hierarchy.


Encoding Type:  One-Hot
+-------------------------------------------------------------------+
; State Machine - |uart_syn|uart_scan_seg:u_uart_scan_seg|word_sel  ;
+----------------+----------------+----------------+----------------+
; Name           ; word_sel.WORD0 ; word_sel.WORD2 ; word_sel.WORD1 ;
+----------------+----------------+----------------+----------------+
; word_sel.WORD0 ; 0              ; 0              ; 0              ;
; word_sel.WORD1 ; 1              ; 0              ; 1              ;
; word_sel.WORD2 ; 1              ; 1              ; 0              ;
+----------------+----------------+----------------+----------------+


+----------------------------------------------------------------------------------------------------+
; Registers Removed During Synthesis                                                                 ;
+----------------------------------------------+-----------------------------------------------------+
; Register name                                ; Reason for Removal                                  ;
+----------------------------------------------+-----------------------------------------------------+
; uart_sender:u_uart_sender|uart_en_0          ; Merged with uart_scan_seg:u_uart_scan_seg|uart_en_1 ;
; uart_beep:u_uart_beep|uart_en_0              ; Merged with uart_scan_seg:u_uart_scan_seg|uart_en_1 ;
; uart_scan_seg:u_uart_scan_seg|uart_en_0      ; Merged with uart_beep:u_uart_beep|uart_en_1         ;
; uart_sender:u_uart_sender|uart_en_1          ; Merged with uart_beep:u_uart_beep|uart_en_1         ;
; uart_scan_seg:u_uart_scan_seg|seg_led[7]     ; Stuck at VCC due to stuck port data_in              ;
; uart_scan_seg:u_uart_scan_seg|word_sel.WORD0 ; Lost fanout                                         ;
; Total Number of Removed Registers = 6        ;                                                     ;
+----------------------------------------------+-----------------------------------------------------+


+------------------------------------------------------+
; General Register Statistics                          ;
+----------------------------------------------+-------+
; Statistic                                    ; Value ;
+----------------------------------------------+-------+
; Total registers                              ; 198   ;
; Number of registers using Synchronous Clear  ; 137   ;
; Number of registers using Synchronous Load   ; 0     ;
; Number of registers using Asynchronous Clear ; 188   ;
; Number of registers using Asynchronous Load  ; 0     ;
; Number of registers using Clock Enable       ; 27    ;
; Number of registers using Preset             ; 0     ;
+----------------------------------------------+-------+


+----------------------------------------------------+
; Inverted Register Statistics                       ;
+------------------------------------------+---------+
; Inverted Register                        ; Fan out ;
+------------------------------------------+---------+
; uart_scan_seg:u_uart_scan_seg|sel[0]     ; 26      ;
; uart_scan_seg:u_uart_scan_seg|sel[1]     ; 32      ;
; uart_scan_seg:u_uart_scan_seg|sel[2]     ; 32      ;
; uart_scan_seg:u_uart_scan_seg|sel[3]     ; 24      ;
; uart_scan_seg:u_uart_scan_seg|sel[4]     ; 28      ;
; uart_scan_seg:u_uart_scan_seg|sel[5]     ; 23      ;
; uart_scan_seg:u_uart_scan_seg|seg_led[0] ; 2       ;
; uart_scan_seg:u_uart_scan_seg|seg_led[1] ; 2       ;
; uart_scan_seg:u_uart_scan_seg|seg_led[2] ; 2       ;
; uart_scan_seg:u_uart_scan_seg|seg_led[3] ; 5       ;
; uart_scan_seg:u_uart_scan_seg|seg_led[4] ; 4       ;
; uart_scan_seg:u_uart_scan_seg|seg_led[5] ; 3       ;
; uart_scan_seg:u_uart_scan_seg|seg_led[6] ; 4       ;
; Total number of inverted registers = 13  ;         ;
+------------------------------------------+---------+


+---------------------------------------------------------------------------------------------------------------------------------------------------------------------+
; Multiplexer Restructuring Statistics (Restructuring Performed)                                                                                                      ;
+--------------------+-----------+---------------+----------------------+------------------------+------------+-------------------------------------------------------+
; Multiplexer Inputs ; Bus Width ; Baseline Area ; Area if Restructured ; Saving if Restructured ; Registered ; Example Multiplexer Output                            ;
+--------------------+-----------+---------------+----------------------+------------------------+------------+-------------------------------------------------------+
; 3:1                ; 2 bits    ; 4 LEs         ; 2 LEs                ; 2 LEs                  ; Yes        ; |uart_syn|uart_beep:u_uart_beep|beep_en               ;
; 3:1                ; 8 bits    ; 16 LEs        ; 8 LEs                ; 8 LEs                  ; Yes        ; |uart_syn|uart_sender:u_uart_sender|data_s[7]         ;
; 3:1                ; 28 bits   ; 56 LEs        ; 28 LEs               ; 28 LEs                 ; Yes        ; |uart_syn|uart_scan_seg:u_uart_scan_seg|count_clk[22] ;
; 3:1                ; 16 bits   ; 32 LEs        ; 16 LEs               ; 16 LEs                 ; Yes        ; |uart_syn|uart_sender:u_uart_sender|count_clk[6]      ;
; 3:1                ; 4 bits    ; 8 LEs         ; 4 LEs                ; 4 LEs                  ; Yes        ; |uart_syn|uart_sender:u_uart_sender|count_data_s[3]   ;
; 3:1                ; 27 bits   ; 54 LEs        ; 27 LEs               ; 27 LEs                 ; Yes        ; |uart_syn|uart_beep:u_uart_beep|count[1]              ;
; 3:1                ; 16 bits   ; 32 LEs        ; 16 LEs               ; 16 LEs                 ; Yes        ; |uart_syn|uart_receive:u_uart_receive|count_clk[9]    ;
; 3:1                ; 4 bits    ; 8 LEs         ; 4 LEs                ; 4 LEs                  ; Yes        ; |uart_syn|uart_receive:u_uart_receive|count_data_r[2] ;
; 3:1                ; 3 bits    ; 6 LEs         ; 6 LEs                ; 0 LEs                  ; No         ; |uart_syn|uart_scan_seg:u_uart_scan_seg|word_sel      ;
+--------------------+-----------+---------------+----------------------+------------------------+------------+-------------------------------------------------------+


+--------------------------------------------------------------------------+
; Parameter Settings for User Entity Instance: uart_receive:u_uart_receive ;
+----------------+----------+----------------------------------------------+
; Parameter Name ; Value    ; Type                                         ;
+----------------+----------+----------------------------------------------+
; CLK_FRE        ; 50000000 ; Signed Integer                               ;
; UART_BPS       ; 9600     ; Signed Integer                               ;
+----------------+----------+----------------------------------------------+
Note: In order to hide this table in the UI and the text report file, please set the "Show Parameter Settings in Synthesis Report" option in "Analysis and Synthesis Settings -> More Settings" to "Off".


+------------------------------------------------------------------------+
; Parameter Settings for User Entity Instance: uart_sender:u_uart_sender ;
+----------------+----------+--------------------------------------------+
; Parameter Name ; Value    ; Type                                       ;
+----------------+----------+--------------------------------------------+
; CLK_FREQ       ; 50000000 ; Signed Integer                             ;
; UART_BPS       ; 9600     ; Signed Integer                             ;
+----------------+----------+--------------------------------------------+
Note: In order to hide this table in the UI and the text report file, please set the "Show Parameter Settings in Synthesis Report" option in "Analysis and Synthesis Settings -> More Settings" to "Off".


+--------------------------------------------------------------------+
; Parameter Settings for User Entity Instance: uart_beep:u_uart_beep ;
+----------------+-----------------------------+---------------------+
; Parameter Name ; Value                       ; Type                ;
+----------------+-----------------------------+---------------------+
; MAX_COUNT      ; 000010011000100101101000000 ; Unsigned Binary     ;
+----------------+-----------------------------+---------------------+
Note: In order to hide this table in the UI and the text report file, please set the "Show Parameter Settings in Synthesis Report" option in "Analysis and Synthesis Settings -> More Settings" to "Off".


+----------------------------------------------------------------------------+
; Parameter Settings for User Entity Instance: uart_scan_seg:u_uart_scan_seg ;
+----------------+------------------------------+----------------------------+
; Parameter Name ; Value                        ; Type                       ;
+----------------+------------------------------+----------------------------+
; SEG0           ; 111111                       ; Unsigned Binary            ;
; SEG1           ; 011111                       ; Unsigned Binary            ;
; SEG2           ; 101111                       ; Unsigned Binary            ;
; SEG3           ; 110111                       ; Unsigned Binary            ;
; SEG4           ; 111011                       ; Unsigned Binary            ;
; SEG5           ; 111101                       ; Unsigned Binary            ;
; SEG6           ; 111110                       ; Unsigned Binary            ;
; WORD0          ; 00                           ; Unsigned Binary            ;
; WORD1          ; 01                           ; Unsigned Binary            ;
; WORD2          ; 10                           ; Unsigned Binary            ;
; MAX_COUNT      ; 0101111101011110000100000000 ; Unsigned Binary            ;
; CNT_MAX2       ; 00000001100001101010000      ; Unsigned Binary            ;
; CNT_MAX3       ; 50000000                     ; Signed Integer             ;
+----------------+------------------------------+----------------------------+
Note: In order to hide this table in the UI and the text report file, please set the "Show Parameter Settings in Synthesis Report" option in "Analysis and Synthesis Settings -> More Settings" to "Off".


+-------------------------------+
; Elapsed Time Per Partition    ;
+----------------+--------------+
; Partition Name ; Elapsed Time ;
+----------------+--------------+
; Top            ; 00:00:02     ;
+----------------+--------------+


+-------------------------------+
; Analysis & Synthesis Messages ;
+-------------------------------+
Info: *******************************************************************
Info: Running Quartus II 64-Bit Analysis & Synthesis
    Info: Version 13.1.0 Build 162 10/23/2013 SJ Full Version
    Info: Processing started: Sat Jun 26 22:34:38 2021
Info: Command: quartus_map --read_settings_files=on --write_settings_files=off uart_syn -c uart_syn
Info (20030): Parallel compilation is enabled and will use 4 of the 4 processors detected
Info (12021): Found 1 design units, including 1 entities, in source file /users/zyyfo/desktop/fpga_prac/prac4/rtl/uart_scan_seg.v
    Info (12023): Found entity 1: uart_scan_seg
Info (12021): Found 1 design units, including 1 entities, in source file /users/zyyfo/desktop/fpga_prac/prac4/rtl/uart_syn.v
    Info (12023): Found entity 1: uart_syn
Info (12021): Found 1 design units, including 1 entities, in source file /users/zyyfo/desktop/fpga_prac/prac4/rtl/uart_sender.v
    Info (12023): Found entity 1: uart_sender
Info (12021): Found 1 design units, including 1 entities, in source file /users/zyyfo/desktop/fpga_prac/prac4/rtl/uart_receive.v
    Info (12023): Found entity 1: uart_receive
Info (12021): Found 1 design units, including 1 entities, in source file /users/zyyfo/desktop/fpga_prac/prac4/rtl/uart_beep.v
    Info (12023): Found entity 1: uart_beep
Warning (10236): Verilog HDL Implicit Net warning at uart_sender.v(38): created implicit net for "start_flag"
Info (12127): Elaborating entity "uart_syn" for the top level hierarchy
Info (12128): Elaborating entity "uart_receive" for hierarchy "uart_receive:u_uart_receive"
Warning (10230): Verilog HDL assignment warning at uart_receive.v(83): truncated value with size 32 to match size of target (4)
Info (12128): Elaborating entity "uart_sender" for hierarchy "uart_sender:u_uart_sender"
Info (12128): Elaborating entity "uart_beep" for hierarchy "uart_beep:u_uart_beep"
Warning (10230): Verilog HDL assignment warning at uart_beep.v(72): truncated value with size 32 to match size of target (27)
Info (12128): Elaborating entity "uart_scan_seg" for hierarchy "uart_scan_seg:u_uart_scan_seg"
Warning (10230): Verilog HDL assignment warning at uart_scan_seg.v(92): truncated value with size 32 to match size of target (28)
Warning (10230): Verilog HDL assignment warning at uart_scan_seg.v(109): truncated value with size 32 to match size of target (23)
Warning (10230): Verilog HDL assignment warning at uart_scan_seg.v(113): truncated value with size 27 to match size of target (23)
Warning (10230): Verilog HDL assignment warning at uart_scan_seg.v(126): truncated value with size 32 to match size of target (27)
Info (13000): Registers with preset signals will power-up high
Info (13003): DEV_CLRn pin will set, and not reset, register with preset signal due to NOT Gate Push-Back
Warning (13024): Output pins are stuck at VCC or GND
    Warning (13410): Pin "seg_led[7]" is stuck at VCC
Info (286030): Timing-Driven Synthesis is running
Info (17049): 1 registers lost all their fanouts during netlist optimizations.
Info (16010): Generating hard_block partition "hard_block:auto_generated_inst"
    Info (16011): Adding 0 node(s), including 0 DDIO, 0 PLL, 0 transceiver and 0 LCELL
Info (21057): Implemented 382 device resources after synthesis - the final resource count might be different
    Info (21058): Implemented 3 input pins
    Info (21059): Implemented 16 output pins
    Info (21061): Implemented 363 logic cells
Info: Quartus II 64-Bit Analysis & Synthesis was successful. 0 errors, 9 warnings
    Info: Peak virtual memory: 4640 megabytes
    Info: Processing ended: Sat Jun 26 22:34:45 2021
    Info: Elapsed time: 00:00:07
    Info: Total CPU time (on all processors): 00:00:06


